../Core/Src/main.c:143:5:main	40	static
../Core/Src/main.c:253:6:SystemClock_Config	88	static
../Core/Src/main.c:299:13:MX_I2C1_Init	8	static
../Core/Src/main.c:333:13:MX_I2C2_Init	8	static
../Core/Src/main.c:367:13:MX_I2S3_Init	8	static
../Core/Src/main.c:401:13:MX_TIM3_Init	64	static
../Core/Src/main.c:472:13:MX_TIM4_Init	64	static
../Core/Src/main.c:543:13:MX_UART4_Init	8	static
../Core/Src/main.c:576:13:MX_USART1_UART_Init	8	static
../Core/Src/main.c:609:13:MX_USART2_UART_Init	8	static
../Core/Src/main.c:642:13:MX_GPIO_Init	56	static
../Core/Src/main.c:709:5:_write	24	static
../Core/Src/main.c:730:6:Error_Handler	4	static,ignoring_inline_asm
