../Core/Src/main.c:86:6:HAL_CAN_RxFifo0MsgPendingCallback	1
../Core/Src/main.c:91:6:HAL_TIM_PeriodElapsedCallback	2
../Core/Src/main.c:105:5:main	1
../Core/Src/main.c:181:6:SystemClock_Config	3
../Core/Src/main.c:227:13:MX_CAN1_Init	2
../Core/Src/main.c:264:13:MX_I2C1_Init	2
../Core/Src/main.c:298:13:MX_I2C2_Init	2
../Core/Src/main.c:332:13:MX_I2S3_Init	2
../Core/Src/main.c:366:13:MX_TIM1_Init	4
../Core/Src/main.c:412:13:MX_TIM3_Init	9
../Core/Src/main.c:483:13:MX_TIM4_Init	9
../Core/Src/main.c:554:13:MX_UART4_Init	2
../Core/Src/main.c:587:13:MX_USART1_UART_Init	2
../Core/Src/main.c:620:13:MX_USART2_UART_Init	2
../Core/Src/main.c:653:13:MX_GPIO_Init	1
../Core/Src/main.c:727:6:Error_Handler	1
